---
source: tests/common/mod.rs
expression: explain
---
{
  "summary": "Agent modified src/notifications.rs and ran cargo test notifications to advance the task.",
  "root_cause": "Required code changes in src/notifications.rs",
  "decision_chain": [
    "pattern detected → file changes (src/notifications.rs) → command executed → command_executed → causal arc identified",
    "pattern detected → file modifications → git_commit → causal arc identified",
    "file_created (src/notifications.rs) → introduce new module or artifact",
    "command_executed (cargo test notifications) → run tests to verify changes",
    "git_commit (feat: add user notification module) → finalize and persist completed work"
  ],
  "problem_statement": "Complete work for commit: feat: add user notification module",
  "resolution_flow": "1. Modified src/notifications.rs. 2. Ran verification: cargo test notifications. 3. Committed: feat: add user notification module."
}
